******************************************************************************
                  TI ARM Linker PC v16.9.3                     
******************************************************************************
>> Linked Wed Feb 21 15:47:40 2018

OUTPUT FILE NAME:   <pwmled_EK_TM4C123GXL_TI.out>
ENTRY POINT SYMBOL: "_c_int00"  address: 00003751


MEMORY CONFIGURATION

         name            origin    length      used     unused   attr    fill
----------------------  --------  ---------  --------  --------  ----  --------
  FLASH                 00000000   00040000  000073f8  00038c08  R  X
  SRAM                  20000000   00008000  0000188e  00006772  RW X


SEGMENT ALLOCATION MAP

run origin  load origin   length   init length attrs members
----------  ----------- ---------- ----------- ----- -------
00000000    00000000    00007400   00007400    r-x
  00000000    00000000    0000003c   0000003c    r-- .resetVecs
  00000040    00000040    000052a2   000052a2    r-x .text
  000052e4    000052e4    00001f12   00001f12    r-- .const
  000071f8    000071f8    00000208   00000208    r-- .cinit
20000000    20000000    00001890   00000000    rw-
  20000000    20000000    00000360   00000000    rw- .vecs
  20000360    20000360    00000e00   00000000    rw- .bss
  20001160    20001160    0000042e   00000000    rw- .data
  20001590    20001590    00000300   00000000    rw- .stack


SECTION ALLOCATION MAP

 output                                  attributes/
section   page    origin      length       input sections
--------  ----  ----------  ----------   ----------------
.text      0    00000040    000052a2     
                  00000040    00000430     sysbios.aem4f : BIOS.obj (.text:ti_sysbios_family_arm_m3_Hwi_excDumpRegs__I)
                  00000470    0000034c     ti.targets.arm.rtsarm.aem4f : System.oem4f (.text:xdc_runtime_System_doPrint__I)
                  000007bc    00000324     rtsv7M4_T_le_v4SPD16_eabi.lib : trgdrv.obj (.text)
                  00000ae0    000001fc     sysbios.aem4f : BIOS.obj (.text:ti_sysbios_family_arm_m3_Hwi_excHandlerMax__I)
                  00000cdc    00000004     pwmled_pem4f.oem4f (.text:ti_sysbios_BIOS_RtsGateProxy_enter__E)
                  00000ce0    00000174     sysbios.aem4f : BIOS.obj (.text:ti_sysbios_family_arm_m3_Hwi_excBusFault__I)
                  00000e54    00000170     drivers_tivaware.aem4f : PWMTiva.oem4f (.text:PWMTiva_open)
                  00000fc4    00000004     pwmled_pem4f.oem4f (.text:ti_sysbios_BIOS_RtsGateProxy_leave__E)
                  00000fc8    00000164     sysbios.aem4f : BIOS.obj (.text:ti_sysbios_family_arm_m3_Hwi_excUsageFault__I)
                  0000112c    00000004                   : BIOS.obj (.text:ti_sysbios_family_arm_lm4_Timer_masterEnable__I)
                  00001130    00000154                   : BIOS.obj (.text:ti_sysbios_knl_Semaphore_pend__E)
                  00001284    00000150     drivers_tivaware.aem4f : GPIOTiva.oem4f (.text:GPIO_setConfig)
                  000013d4    00000004     pwmled_pem4f.oem4f (.text:ti_sysbios_family_arm_m3_TaskSupport_Module__startupDone__S)
                  000013d8    00000148     sysbios.aem4f : BIOS.obj (.text:ti_sysbios_family_arm_m3_Hwi_excMemFault__I)
                  00001520    00000130     driverlib.lib : gpio.obj (.text:GPIOPadConfigSet)
                  00001650    00000118     ti.targets.arm.rtsarm.aem4f : Error.oem4f (.text:xdc_runtime_Error_policyDefault__E)
                  00001768    00000108     sysbios.aem4f : BIOS.obj (.text:ti_sysbios_family_arm_lm4_Timer_start__E)
                  00001870    00000100     Boot.aem4f : Boot_sysctl.oem4f (.text:ti_catalog_arm_cortexm4_tiva_ce_Boot_sysCtlClockSetI__I)
                  00001970    00000100     ti.targets.arm.rtsarm.aem4f : Core-mem.oem4f (.text:xdc_runtime_Core_createObject__I)
                  00001a70    000000f8                                 : Startup.oem4f (.text:xdc_runtime_Startup_startMods__I)
                  00001b68    000000f8     pwmled_pem4f.oem4f (.text:xdc_runtime_System_printfExtend__I)
                  00001c60    000000f4     sysbios.aem4f : m3_Hwi_asm.obj (.text:ti_sysbios_family_arm_m3_Hwi_dispatch__I)
                  00001d54    000000f0     drivers_tivaware.aem4f : PWMTiva.oem4f (.text:PWMTiva_setDuty)
                  00001e44    00000004     pwmled_pem4f.oem4f (.text:ti_sysbios_heaps_HeapMem_Module_GateProxy_enter__E)
                  00001e48    000000dc     sysbios.aem4f : BIOS.obj (.text:ti_sysbios_knl_Task_sleep__E)
                  00001f24    000000d8     pwmled.obj (.text:pwmLEDFxn)
                  00001ffc    000000d4     pwmled.obj (.text:main)
                  000020d0    000000cc     sysbios.aem4f : BIOS.obj (.text:ti_sysbios_heaps_HeapMem_alloc__E)
                  0000219c    00000004     pwmled_pem4f.oem4f (.text:ti_sysbios_heaps_HeapMem_Module_GateProxy_leave__E)
                  000021a0    000000cc     sysbios.aem4f : BIOS.obj (.text:ti_sysbios_knl_Task_Instance_init__E)
                  0000226c    000000cc     ti.targets.arm.rtsarm.aem4f : Core-smem.oem4f (.text:xdc_runtime_Core_constructObject__I)
                  00002338    000000bc     sysbios.aem4f : BIOS.obj (.text:ti_sysbios_family_arm_m3_Hwi_excDebugMon__I)
                  000023f4    00000004     pwmled_pem4f.oem4f (.text:ti_sysbios_knl_Clock_TimerProxy_getMaxTicks__E)
                  000023f8    000000bc     sysbios.aem4f : BIOS.obj (.text:ti_sysbios_family_arm_m3_Hwi_excHardFault__I)
                  000024b4    00000004     pwmled_pem4f.oem4f (.text:ti_sysbios_knl_Queue_destruct)
                  000024b8    000000bc     sysbios.aem4f : BIOS.obj (.text:ti_sysbios_knl_Task_Instance_finalize__E)
                  00002574    00000004     pwmled_pem4f.oem4f (.text:ti_sysbios_knl_Semaphore_destruct)
                  00002578    000000b4     sysbios.aem4f : BIOS.obj (.text:ti_sysbios_knl_Task_checkStacks__E)
                  0000262c    00000004     ti.targets.arm.rtsarm.aem4f : Error.oem4f (.text:xdc_runtime_Error_getSite__E)
                  00002630    000000ac     sysbios.aem4f : BIOS.obj (.text:ti_sysbios_family_arm_lm4_Timer_enableTiva__I)
                  000026dc    000000a0     auto_init.aem4f : auto_init.oem4f (.text)
                  0000277c    000000a0     ti.targets.arm.rtsarm.aem4f : Text.oem4f (.text:xdc_runtime_Text_putMod__E)
                  0000281c    0000009c     rtsv7M4_T_le_v4SPD16_eabi.lib : memcpy_t2.obj (.text)
                  000028b8    0000009c     sysbios.aem4f : BIOS.obj (.text:ti_sysbios_knl_Task_postInit__I)
                  00002954    0000009a     ti.targets.arm.rtsarm.aem4f : Text.oem4f (.text:xdc_runtime_Text_putSite__E)
                  000029ee    00000002     rtsv7M4_T_le_v4SPD16_eabi.lib : i_div0.obj (.text)
                  000029f0    00000098     Boot.aem4f : Boot.oem4f (.text:ti_catalog_arm_cortexm4_tiva_ce_Boot_sysCtlClockSet__E)
                  00002a88    00000094     sysbios.aem4f : BIOS.obj (.text:ti_sysbios_family_arm_m3_Hwi_Instance_init__E)
                  00002b1c    00000004     pwmled_pem4f.oem4f (.text:xdc_runtime_System_Module_GateProxy_enter__E)
                  00002b20    00000094     sysbios.aem4f : BIOS.obj (.text:ti_sysbios_family_arm_m3_Hwi_initNVIC__E)
                  00002bb4    0000008c     drivers_tivaware.aem4f : GPIOTiva.oem4f (.text:GPIO_init)
                  00002c40    0000008c     sysbios.aem4f : m3_TaskSupport_asm.obj (.text:ti_sysbios_family_arm_m3_TaskSupport_buildTaskStack)
                  00002ccc    00000088     drivers_tivaware.aem4f : PWMTiva.oem4f (.text:PWMTiva_control)
                  00002d54    00000004     pwmled_pem4f.oem4f (.text:xdc_runtime_System_Module_GateProxy_leave__E)
                  00002d58    00000084     sysbios.aem4f : BIOS.obj (.text:ti_sysbios_family_arm_m3_Hwi_postInit__I)
                  00002ddc    00000004     ti.targets.arm.rtsarm.aem4f : System.oem4f (.text:xdc_runtime_System_aprintf_va__F)
                  00002de0    0000007c     sysbios.aem4f : BIOS.obj (.text:ti_sysbios_heaps_HeapMem_free__E)
                  00002e5c    0000007a     rtsv7M4_T_le_v4SPD16_eabi.lib : memset_t2.obj (.text)
                  00002ed6    00000002     pwmled_pem4f.oem4f (.text:ti_sysbios_BIOS_nullFunc__I)
                  00002ed8    00000070     sysbios.aem4f : BIOS.obj (.text:ti_sysbios_knl_Semaphore_post__E)
                  00002f48    00000070                   : BIOS.obj (.text:ti_sysbios_knl_Task_exit__E)
                  00002fb8    0000006d     ti.targets.arm.rtsarm.aem4f : System.oem4f (.text:xdc_runtime_System_formatNum__I)
                  00003025    00000001     --HOLE-- [fill = 0]
                  00003026    00000002     pwmled_pem4f.oem4f (.text:xdc_runtime_Startup_reset__I)
                  00003028    0000006c     sysbios.aem4f : BIOS.obj (.text:ti_sysbios_knl_Clock_workFunc__E)
                  00003094    00000004     ti.targets.arm.rtsarm.aem4f : System.oem4f (.text:xdc_runtime_System_printf_va__F)
                  00003098    0000006c     sysbios.aem4f : BIOS.obj (.text:ti_sysbios_knl_Swi_restoreHwi__E)
                  00003104    0000006c     ti.targets.arm.rtsarm.aem4f : Error.oem4f (.text:xdc_runtime_Error_print__E)
                  00003170    0000006c                                 : Memory.oem4f (.text:xdc_runtime_Memory_alloc__E)
                  000031dc    0000006a     drivers_tivaware.aem4f : PWMTiva.oem4f (.text:PWMTiva_close)
                  00003246    00000068     rtsv7M4_T_le_v4SPD16_eabi.lib : copy_decompress_lzss.obj (.text:decompress:lzss)
                  000032ae    00000002     --HOLE-- [fill = 0]
                  000032b0    00000068                                   : trgmsg.obj (.text)
                  00003318    00000066     ti.targets.arm.rtsarm.aem4f : Core-mem.oem4f (.text:xdc_runtime_Core_deleteObject__I)
                  0000337e    00000002     --HOLE-- [fill = 0]
                  00003380    00000064     drivers_tivaware.aem4f : GPIOTiva.oem4f (.text:GPIO_hwiIntFxn)
                  000033e4    00000004     --HOLE-- [fill = 0]
                  000033e8    00000064     sysbios.aem4f : BIOS.obj (.text:ti_sysbios_family_arm_lm4_Timer_Module_startup__E)
                  0000344c    00000064     pwmled_pem4f.oem4f (.text:ti_sysbios_family_arm_m3_Hwi_create)
                  000034b0    00000064     sysbios.aem4f : BIOS.obj (.text:ti_sysbios_family_arm_m3_Hwi_dispatchC__I)
                  00003514    00000004     --HOLE-- [fill = 0]
                  00003518    00000060                   : BIOS.obj (.text:ti_sysbios_knl_Task_schedule__I)
                  00003578    0000005c                   : BIOS.obj (.text:ti_sysbios_knl_Swi_run__I)
                  000035d4    00000004     --HOLE-- [fill = 0]
                  000035d8    0000005c                   : BIOS.obj (.text:ti_sysbios_knl_Swi_schedule__I)
                  00003634    00000004     --HOLE-- [fill = 0]
                  00003638    0000005c                   : BIOS.obj (.text:ti_sysbios_knl_Task_Module_startup__E)
                  00003694    00000004     --HOLE-- [fill = 0]
                  00003698    0000005c                   : BIOS.obj (.text:ti_sysbios_knl_Task_startCore__E)
                  000036f4    0000005b     ti.targets.arm.rtsarm.aem4f : Text.oem4f (.text:xdc_runtime_Text_putLab__E)
                  0000374f    00000001     --HOLE-- [fill = 0]
                  00003750    00000058     boot.aem4f : boot.oem4f (.text)
                  000037a8    00000058     sysbios.aem4f : m3_Hwi_asm_switch.obj (.text:ti_sysbios_family_arm_m3_Hwi_initStacks__E)
                  00003800    00000056     driverlib.lib : gpio.obj (.text:GPIOIntTypeSet)
                  00003856    00000002     --HOLE-- [fill = 0]
                  00003858    00000054     rtsv7M4_T_le_v4SPD16_eabi.lib : exit.obj (.text)
                  000038ac    00000004     --HOLE-- [fill = 0]
                  000038b0    00000054     sysbios.aem4f : BIOS.obj (.text:ti_sysbios_family_arm_lm4_Timer_initDevice__I)
                  00003904    00000054     pwmled_pem4f.oem4f (.text:ti_sysbios_knl_Task_construct)
                  00003958    00000054     ti.targets.arm.rtsarm.aem4f : Assert.oem4f (.text:xdc_runtime_Assert_raise__I)
                  000039ac    00000050     drivers_tivaware.aem4f : GPIOTiva.oem4f (.text:GPIO_setCallback)
                  000039fc    00000050                            : GPIOTiva.oem4f (.text:GPIO_write)
                  00003a4c    00000004     --HOLE-- [fill = 0]
                  00003a50    00000050     sysbios.aem4f : BIOS.obj (.text:ti_sysbios_family_arm_m3_Hwi_Module_startup__E)
                  00003aa0    00000050     ti.targets.arm.rtsarm.aem4f : Startup.oem4f (.text:xdc_runtime_Startup_exec__E)
                  00003af0    00000050                                 : Text.oem4f (.text:xdc_runtime_Text_visitRope2__I)
                  00003b40    0000004c     rtsv7M4_T_le_v4SPD16_eabi.lib : cpy_tbl.obj (.text)
                  00003b8c    00000004     --HOLE-- [fill = 0]
                  00003b90    0000004c     sysbios.aem4f : BIOS.obj (.text:ti_sysbios_heaps_HeapMem_getStats__E)
                  00003bdc    00000004     --HOLE-- [fill = 0]
                  00003be0    0000004c                   : BIOS.obj (.text:ti_sysbios_knl_Swi_runLoop__I)
                  00003c2c    00000004     --HOLE-- [fill = 0]
                  00003c30    0000004c                   : BIOS.obj (.text:ti_sysbios_knl_Task_allBlockedFunction__I)
                  00003c7c    00000048     driverlib.lib : gpio.obj (.text:GPIOPinConfigure)
                  00003cc4    00000004     --HOLE-- [fill = 0]
                  00003cc8    00000048     sysbios.aem4f : BIOS.obj (.text:ti_sysbios_family_arm_lm4_Timer_enableTimers__I)
                  00003d10    00000048                   : BIOS.obj (.text:ti_sysbios_family_arm_m3_Hwi_disableInterrupt__E)
                  00003d58    00000048                   : BIOS.obj (.text:ti_sysbios_family_arm_m3_Hwi_enableInterrupt__E)
                  00003da0    00000048                   : BIOS.obj (.text:ti_sysbios_family_arm_m3_Hwi_excReserved__I)
                  00003de8    00000046     ti.targets.arm.rtsarm.aem4f : Core-params.oem4f (.text:xdc_runtime_Core_assignParams__I)
                  00003e2e    00000002     --HOLE-- [fill = 0]
                  00003e30    00000044     sysbios.aem4f : BIOS.obj (.text:ti_sysbios_family_arm_lm4_Timer_isrStub__E)
                  00003e74    00000004     --HOLE-- [fill = 0]
                  00003e78    00000044                   : BIOS.obj (.text:ti_sysbios_family_arm_m3_Hwi_getStackInfo__E)
                  00003ebc    00000004     --HOLE-- [fill = 0]
                  00003ec0    00000044                   : BIOS.obj (.text:ti_sysbios_knl_Swi_post__E)
                  00003f04    00000044     ti.targets.arm.rtsarm.aem4f : Error.oem4f (.text:xdc_runtime_Error_setX__E)
                  00003f48    00000044                                 : SysMin.oem4f (.text:xdc_runtime_SysMin_flush__E)
                  00003f8c    00000044                                 : Text.oem4f (.text:xdc_runtime_Text_xprintf__I)
                  00003fd0    00000040     EK_TM4C123GXL.obj (.text:EK_TM4C123GXL_initGeneral)
                  00004010    00000040     rtsv7M4_T_le_v4SPD16_eabi.lib : u_divt2.obj (.text)
                  00004050    00000040     sysbios.aem4f : BIOS.obj (.text:ti_sysbios_family_arm_lm4_Timer_startup__E)
                  00004090    00000040                   : BIOS.obj (.text:ti_sysbios_heaps_HeapMem_Instance_init__E)
                  000040d0    0000003c                   : BIOS.obj (.text:ti_sysbios_family_arm_m3_Hwi_excSvCall__I)
                  0000410c    00000004     --HOLE-- [fill = 0]
                  00004110    0000003c                   : BIOS.obj (.text:ti_sysbios_heaps_HeapMem_init__I)
                  0000414c    00000004     --HOLE-- [fill = 0]
                  00004150    0000003c                   : BIOS.obj (.text:ti_sysbios_knl_Swi_restore__E)
                  0000418c    00000038     drivers_tivaware.aem4f : PWM.oem4f (.text:PWM_init)
                  000041c4    00000004     --HOLE-- [fill = 0]
                  000041c8    00000038     sysbios.aem4f : BIOS.obj (.text:ti_sysbios_family_arm_m3_Hwi_excNoIsr__I)
                  00004200    00000038                   : BIOS.obj (.text:ti_sysbios_knl_Task_processVitalTaskFlag__I)
                  00004238    00000038     ti.targets.arm.rtsarm.aem4f : SysMin.oem4f (.text:xdc_runtime_SysMin_putch__E)
                  00004270    00000038                                 : System.oem4f (.text:xdc_runtime_System_atexit__E)
                  000042a8    00000034     EK_TM4C123GXL.obj (.text:EK_TM4C123GXL_initPWM)
                  000042dc    00000034     driverlib.lib : sysctl.obj (.text:SysCtlPeripheralEnable)
                  00004310    00000034     sysbios.aem4f : BIOS.obj (.text:ti_sysbios_family_arm_m3_Hwi_Instance_finalize__E)
                  00004344    00000004     --HOLE-- [fill = 0]
                  00004348    00000034                   : BIOS.obj (.text:ti_sysbios_family_arm_m3_Hwi_excNmi__I)
                  0000437c    00000004     --HOLE-- [fill = 0]
                  00004380    00000034                   : BIOS.obj (.text:ti_sysbios_hal_Hwi_checkStack)
                  000043b4    00000034     ti.targets.arm.rtsarm.aem4f : Core-label.oem4f (.text:xdc_runtime_Core_assignLabel__I)
                  000043e8    00000033                                 : Text.oem4f (.text:xdc_runtime_Text_printVisFxn__I)
                  0000441b    00000005     --HOLE-- [fill = 0]
                  00004420    00000032     sysbios.aem4f : BIOS.obj (.text:ti_sysbios_hal_Hwi_initStack)
                  00004452    00000002     --HOLE-- [fill = 0]
                  00004454    00000030     EK_TM4C123GXL.obj (.text:EK_TM4C123GXL_initGPIO)
                  00004484    00000030     drivers_tivaware.aem4f : PWMTiva.oem4f (.text:PWMTiva_init)
                  000044b4    00000030                            : PWM.oem4f (.text:PWM_open)
                  000044e4    00000030     pwmled_pem4f.oem4f (.text:ti_sysbios_BIOS_atExitFunc__I)
                  00004514    00000004     --HOLE-- [fill = 0]
                  00004518    00000030     sysbios.aem4f : BIOS.obj (.text:ti_sysbios_family_arm_lm4_Timer_stop__E)
                  00004548    00000030                   : BIOS.obj (.text:ti_sysbios_family_arm_m3_TaskSupport_start__E)
                  00004578    00000030     pwmled_pem4f.oem4f (.text:ti_sysbios_gates_GateHwi_Object__create__S)
                  000045a8    00000030     pwmled_pem4f.oem4f (.text:ti_sysbios_gates_GateMutex_Object__create__S)
                  000045d8    00000030     sysbios.aem4f : BIOS.obj (.text:ti_sysbios_gates_GateMutex_enter__E)
                  00004608    00000030     pwmled_pem4f.oem4f (.text:ti_sysbios_heaps_HeapMem_Object__create__S)
                  00004638    00000030     pwmled_pem4f.oem4f (.text:ti_sysbios_knl_Semaphore_construct)
                  00004668    00000030     sysbios.aem4f : BIOS.obj (.text:ti_sysbios_knl_Semaphore_pendTimeout__I)
                  00004698    00000030                   : BIOS.obj (.text:ti_sysbios_knl_Task_unblockI__E)
                  000046c8    00000030     ti.targets.arm.rtsarm.aem4f : SysMin.oem4f (.text:xdc_runtime_SysMin_abort__E)
                  000046f8    00000030                                 : System.oem4f (.text:xdc_runtime_System_processAtExit__E)
                  00004728    0000002c     pwmled_pem4f.oem4f (.text:ti_sysbios_knl_Clock_doTick__I)
                  00004754    0000002c     pwmled_pem4f.oem4f (.text:ti_sysbios_knl_Queue_construct)
                  00004780    0000002c     sysbios.aem4f : BIOS.obj (.text:ti_sysbios_knl_Task_restore__E)
                  000047ac    0000002c     ti.targets.arm.rtsarm.aem4f : Text.oem4f (.text:xdc_runtime_Text_cordText__E)
                  000047d8    0000002a     driverlib.lib : gpio.obj (.text:GPIODirModeSet)
                  00004802    0000002a     ti.targets.arm.rtsarm.aem4f : System.oem4f (.text:xdc_runtime_System_putchar__I)
                  0000482c    00000004     --HOLE-- [fill = 0]
                  00004830    00000028     sysbios.aem4f : BIOS.obj (.text:ti_sysbios_knl_Swi_Module_startup__E)
                  00004858    00000026                   : m3_Hwi_asm.obj (.text:ti_sysbios_family_arm_m3_Hwi_pendSV__I)
                  0000487e    00000026     ti.targets.arm.rtsarm.aem4f : System.oem4f (.text:xdc_runtime_System_avprintf__E)
                  000048a4    00000024     pwmled_pem4f.oem4f (.text:ti_sysbios_BIOS_errorRaiseHook__I)
                  000048c8    00000024     pwmled_pem4f.oem4f (.text:ti_sysbios_BIOS_registerRTSLock__I)
                  000048ec    00000024     pwmled_pem4f.oem4f (.text:ti_sysbios_BIOS_removeRTSLock__I)
                  00004910    00000024     pwmled_pem4f.oem4f (.text:ti_sysbios_BIOS_startFunc__I)
                  00004934    00000024     pwmled_pem4f.oem4f (.text:ti_sysbios_gates_GateMutex_Object__delete__S)
                  00004958    00000024     sysbios.aem4f : BIOS.obj (.text:ti_sysbios_knl_Clock_Module_startup__E)
                  0000497c    00000004     --HOLE-- [fill = 0]
                  00004980    00000024                   : BIOS.obj (.text:ti_sysbios_knl_Semaphore_Instance_init__E)
                  000049a4    00000004     --HOLE-- [fill = 0]
                  000049a8    00000024                   : BIOS.obj (.text:ti_sysbios_knl_Task_restoreHwi__E)
                  000049cc    00000024     ti.targets.arm.rtsarm.aem4f : System.oem4f (.text:xdc_runtime_System_vprintf__E)
                  000049f0    00000022     driverlib.lib : pwm.obj (.text:PWMGenConfigure)
                  00004a12    00000022     drivers_tivaware.aem4f : PWMTiva.oem4f (.text:PWMTiva_getPeriodCounts)
                  00004a34    00000004     --HOLE-- [fill = 0]
                  00004a38    00000022     sysbios.aem4f : BIOS.obj (.text:ti_sysbios_family_arm_lm4_Timer_write__I)
                  00004a5a    00000022     pwmled_pem4f.oem4f (.text:xdc_runtime_SysMin_output__I)
                  00004a7c    00000020     pwmled_pem4f.oem4f (.text:ti_sysbios_BIOS_rtsLock__I)
                  00004a9c    00000020     sysbios.aem4f : m3_Hwi_asm.obj (.text:ti_sysbios_family_arm_m3_Hwi_excHandlerAsm__I)
                  00004abc    00000004     --HOLE-- [fill = 0]
                  00004ac0    00000020                   : BIOS.obj (.text:ti_sysbios_family_arm_m3_Hwi_excHandler__I)
                  00004ae0    00000020     pwmled_pem4f.oem4f (.text:ti_sysbios_gates_GateHwi_Object__delete__S)
                  00004b00    00000020     pwmled_pem4f.oem4f (.text:ti_sysbios_heaps_HeapMem_Object__delete__S)
                  00004b20    00000020     sysbios.aem4f : BIOS.obj (.text:ti_sysbios_knl_Idle_run__E)
                  00004b40    00000020     pwmled_pem4f.oem4f (.text:ti_sysbios_knl_Semaphore_Object__destruct__S)
                  00004b60    00000020     ti.targets.arm.rtsarm.aem4f : Registry.oem4f (.text:xdc_runtime_Registry_findById__E)
                  00004b80    00000020                                 : SysMin.oem4f (.text:xdc_runtime_SysMin_Module_startup__E)
                  00004ba0    0000001e     driverlib.lib : pwm.obj (.text:PWMPulseWidthSet)
                  00004bbe    0000001e     drivers_tivaware.aem4f : PWMTiva.oem4f (.text:PWMTiva_getPeriodMicroSecs)
                  00004bdc    0000001e     sysbios.aem4f : m3_Hwi_asm_switch.obj (.text:ti_sysbios_family_xxx_Hwi_switchAndRunFunc)
                  00004bfa    0000001c     drivers_tivaware.aem4f : GPIOTiva.oem4f (.text:getGpioIntIndex)
                  00004c16    00000002     --HOLE-- [fill = 0]
                  00004c18    0000001c     sysbios.aem4f : BIOS.obj (.text:ti_sysbios_gates_GateMutex_Instance_init__E)
                  00004c34    0000001c     pwmled_pem4f.oem4f (.text:ti_sysbios_knl_Queue_Object__destruct__S)
                  00004c50    0000001c     sysbios.aem4f : BIOS.obj (.text:ti_sysbios_knl_Queue_put__E)
                  00004c6c    00000004     --HOLE-- [fill = 0]
                  00004c70    0000001c                   : BIOS.obj (.text:ti_sysbios_knl_Task_enter__I)
                  00004c8c    0000001c     ti.targets.arm.rtsarm.aem4f : Error.oem4f (.text:xdc_runtime_Error_raiseX__E)
                  00004ca8    0000001c                                 : Memory.oem4f (.text:xdc_runtime_Memory_valloc__E)
                  00004cc4    0000001c                                 : SysMin.oem4f (.text:xdc_runtime_SysMin_exit__E)
                  00004ce0    0000001c                                 : System.oem4f (.text:xdc_runtime_System_abort__E)
                  00004cfc    0000001a     pwmled_pem4f.oem4f (.text:ti_sysbios_family_arm_m3_Hwi_Handle__label__S)
                  00004d16    0000001a     pwmled_pem4f.oem4f (.text:ti_sysbios_gates_GateHwi_Handle__label__S)
                  00004d30    0000001a     pwmled_pem4f.oem4f (.text:ti_sysbios_gates_GateMutex_Handle__label__S)
                  00004d4a    0000001a     pwmled_pem4f.oem4f (.text:ti_sysbios_heaps_HeapMem_Handle__label__S)
                  00004d64    0000001a     pwmled_pem4f.oem4f (.text:ti_sysbios_knl_Swi_Handle__label__S)
                  00004d7e    0000001a     pwmled_pem4f.oem4f (.text:ti_sysbios_knl_Task_Handle__label__S)
                  00004d98    0000001a     pwmled_pem4f.oem4f (.text:xdc_runtime_System_aprintf__E)
                  00004db2    0000001a     pwmled_pem4f.oem4f (.text:xdc_runtime_System_printf__E)
                  00004dcc    00000018     rtsv7M4_T_le_v4SPD16_eabi.lib : args_main.obj (.text)
                  00004de4    00000018     pwmled_pem4f.oem4f (.text:ti_sysbios_BIOS_rtsUnlock__I)
                  00004dfc    00000018     pwmled_pem4f.oem4f (.text:ti_sysbios_family_arm_lm4_Timer_Module__startupDone__F)
                  00004e14    00000018     pwmled_pem4f.oem4f (.text:ti_sysbios_family_arm_m3_Hwi_Module__startupDone__F)
                  00004e2c    00000018     sysbios.aem4f : m3_TaskSupport_asm.obj (.text:ti_sysbios_family_arm_m3_TaskSupport_swap__E)
                  00004e44    00000004     --HOLE-- [fill = 0]
                  00004e48    00000018                   : BIOS.obj (.text:ti_sysbios_gates_GateMutex_leave__E)
                  00004e60    00000018                   : BIOS.obj (.text:ti_sysbios_knl_Task_sleepTimeout__I)
                  00004e78    00000018     ti.targets.arm.rtsarm.aem4f : Error.oem4f (.text:xdc_runtime_Error_check__E)
                  00004e90    00000018                                 : System.oem4f (.text:xdc_runtime_System_exit__E)
                  00004ea8    00000018                                 : Text.oem4f (.text:xdc_runtime_Text_ropeText__E)
                  00004ec0    00000016     pwmled_pem4f.oem4f (.text:ti_sysbios_BIOS_exitFunc__I)
                  00004ed6    00000016     pwmled.obj (.text:ti_sysbios_knl_Task_Params_init)
                  00004eec    00000014     driverlib.lib : pwm.obj (.text:PWMClockSet)
                  00004f00    00000014                   : sysctl.obj (.text:SysCtlPWMClockSet)
                  00004f14    00000014     rtsv7M4_T_le_v4SPD16_eabi.lib : _lock.obj (.text)
                  00004f28    00000014                                   : strcpy.obj (.text)
                  00004f3c    00000014                                   : strlen.obj (.text)
                  00004f50    00000014     pwmled_pem4f.oem4f (.text:ti_sysbios_family_arm_m3_Hwi_Object__get__S)
                  00004f64    00000004     --HOLE-- [fill = 0]
                  00004f68    00000014     sysbios.aem4f : BIOS.obj (.text:ti_sysbios_family_arm_m3_Hwi_switchFromBootStack__E)
                  00004f7c    00000014     pwmled_pem4f.oem4f (.text:ti_sysbios_heaps_HeapMem_Object__get__S)
                  00004f90    00000014     pwmled_pem4f.oem4f (.text:ti_sysbios_knl_Swi_Object__get__S)
                  00004fa4    00000012     driverlib.lib : gpio.obj (.text:GPIOPinTypeGPIOInput)
                  00004fb6    00000012                   : gpio.obj (.text:GPIOPinTypePWM)
                  00004fc8    00000012                   : pwm.obj (.text:PWMGenPeriodGet)
                  00004fda    00000012                   : pwm.obj (.text:PWMOutputInvert)
                  00004fec    00000012                   : pwm.obj (.text:PWMOutputState)
                  00004ffe    00000002     --HOLE-- [fill = 0]
                  00005000    00000012     sysbios.aem4f : BIOS.obj (.text:ti_sysbios_hal_Hwi_Module_startup__E)
                  00005012    00000012     pwmled_pem4f.oem4f (.text:xdc_runtime_Startup_exec__I)
                  00005024    00000010     driverlib.lib : pwm.obj (.text:PWMGenPeriodSet)
                  00005034    00000010     drivers_tivaware.aem4f : PWM.oem4f (.text:PWM_Params_init)
                  00005044    00000004     --HOLE-- [fill = 0]
                  00005048    00000010     sysbios.aem4f : BIOS.obj (.text:ti_sysbios_BIOS_getCpuFreq__E)
                  00005058    00000010                   : BIOS.obj (.text:ti_sysbios_BIOS_setThreadType__E)
                  00005068    00000010                   : BIOS.obj (.text:ti_sysbios_BIOS_start__E)
                  00005078    00000010                   : m3_TaskSupport_asm.obj (.text:ti_sysbios_family_arm_m3_TaskSupport_glue)
                  00005088    00000010                   : BIOS.obj (.text:ti_sysbios_gates_GateMutex_Instance_finalize__E)
                  00005098    00000010                   : BIOS.obj (.text:ti_sysbios_knl_Semaphore_Instance_finalize__E)
                  000050a8    00000010                   : BIOS.obj (.text:ti_sysbios_knl_Swi_disable__E)
                  000050b8    00000010     pwmled_pem4f.oem4f (.text:ti_sysbios_knl_Task_Object__get__S)
                  000050c8    00000010     sysbios.aem4f : BIOS.obj (.text:ti_sysbios_knl_Task_disable__E)
                  000050d8    00000010     ti.targets.arm.rtsarm.aem4f : Gate.oem4f (.text:xdc_runtime_Gate_leaveSystem__E)
                  000050e8    00000010                                 : Memory.oem4f (.text:xdc_runtime_Memory_free__E)
                  000050f8    00000010                                 : SysMin.oem4f (.text:xdc_runtime_SysMin_ready__E)
                  00005108    00000010                                 : System.oem4f (.text:xdc_runtime_System_vsnprintf__E)
                  00005118    00000010     pwmled_pem4f.oem4f (.text:xdc_runtime_Text_visitRope__I)
                  00005128    0000000e     driverlib.lib : gpio.obj (.text:GPIOIntStatus)
                  00005136    0000000e     rtsv7M4_T_le_v4SPD16_eabi.lib : copy_decompress_none.obj (.text:decompress:none)
                  00005144    00000004     --HOLE-- [fill = 0]
                  00005148    0000000e     sysbios.aem4f : BIOS.obj (.text:ti_sysbios_knl_Idle_loop__E)
                  00005156    00000002     --HOLE-- [fill = 0]
                  00005158    0000000e                   : BIOS.obj (.text:ti_sysbios_knl_Queue_empty__E)
                  00005166    00000002     --HOLE-- [fill = 0]
                  00005168    0000000c     pwmled_pem4f.oem4f (.text:.bootCodeSection:ti_catalog_arm_cortexm4_tiva_ce_Boot_init__I)
                  00005174    0000000c     driverlib.lib : pwm.obj (.text:PWMGenDisable)
                  00005180    0000000c                   : pwm.obj (.text:PWMGenEnable)
                  0000518c    0000000c     rtsv7M4_T_le_v4SPD16_eabi.lib : copy_zero_init.obj (.text:decompress:ZI)
                  00005198    0000000c     sysbios.aem4f : BIOS.obj (.text:ti_sysbios_family_arm_lm4_Timer_getMaxTicks__E)
                  000051a4    0000000c     pwmled_pem4f.oem4f (.text:ti_sysbios_family_arm_m3_Hwi_Params__init__S)
                  000051b0    0000000c     sysbios.aem4f : BIOS.obj (.text:ti_sysbios_family_arm_m3_Hwi_disableFxn__E)
                  000051bc    00000004     --HOLE-- [fill = 0]
                  000051c0    0000000c                   : BIOS.obj (.text:ti_sysbios_family_arm_m3_TaskSupport_checkStack__E)
                  000051cc    00000004     --HOLE-- [fill = 0]
                  000051d0    0000000c                   : BIOS.obj (.text:ti_sysbios_family_arm_m3_TaskSupport_getStackAlignment__E)
                  000051dc    00000004     --HOLE-- [fill = 0]
                  000051e0    0000000c                   : BIOS.obj (.text:ti_sysbios_gates_GateHwi_enter__E)
                  000051ec    0000000c     pwmled_pem4f.oem4f (.text:ti_sysbios_knl_Queue_Object__get__S)
                  000051f8    0000000c     pwmled_pem4f.oem4f (.text:ti_sysbios_knl_Task_Params__init__S)
                  00005204    0000000c     pwmled.obj (.text:ti_sysbios_knl_Task_handle)
                  00005210    0000000c     ti.targets.arm.rtsarm.aem4f : Error.oem4f (.text:xdc_runtime_Error_init__E)
                  0000521c    0000000c                                 : Gate.oem4f (.text:xdc_runtime_Gate_enterSystem__E)
                  00005228    0000000c                                 : Memory.oem4f (.text:xdc_runtime_Memory_calloc__E)
                  00005234    0000000c                                 : Memory.oem4f (.text:xdc_runtime_Memory_getMaxDefaultTypeAlign__E)
                  00005240    0000000a     drivers_tivaware.aem4f : PWM.oem4f (.text:PWM_setDuty)
                  0000524a    0000000a     pwmled_pem4f.oem4f (.text:xdc_runtime_IHeap_alloc)
                  00005254    0000000a     pwmled_pem4f.oem4f (.text:xdc_runtime_IHeap_free)
                  0000525e    00000008     sysbios.aem4f : BIOS.obj (.text:ti_sysbios_family_arm_lm4_Timer_masterDisable__I)
                  00005266    00000002     --HOLE-- [fill = 0]
                  00005268    00000008                   : BIOS.obj (.text:ti_sysbios_family_arm_m3_Hwi_doSwiRestore__I)
                  00005270    00000008                   : BIOS.obj (.text:ti_sysbios_family_arm_m3_Hwi_startup__E)
                  00005278    00000006     driverlib.lib : gpio.obj (.text:GPIOIntClear)
                  0000527e    00000006                   : gpio.obj (.text:GPIOPinWrite)
                  00005284    00000006     Boot.aem4f : Boot_sysctl.oem4f (.text:ti_catalog_arm_cortexm4_tiva_ce_Boot_sysCtlDelayI__I)
                  0000528a    00000006     ti.targets.arm.rtsarm.aem4f : System.oem4f (.text:xdc_runtime_System_Module_startup__E)
                  00005290    00000006     sysbios.aem4f : BIOS.obj (.text:ti_sysbios_family_arm_m3_Hwi_doTaskRestore__I)
                  00005296    00000002     --HOLE-- [fill = 0]
                  00005298    00000006                   : BIOS.obj (.text:ti_sysbios_family_arm_m3_Hwi_restoreFxn__E)
                  0000529e    00000002     --HOLE-- [fill = 0]
                  000052a0    00000006                   : BIOS.obj (.text:ti_sysbios_gates_GateHwi_leave__E)
                  000052a6    00000002     --HOLE-- [fill = 0]
                  000052a8    00000006                   : BIOS.obj (.text:ti_sysbios_heaps_HeapMem_isBlocking__E)
                  000052ae    00000002     --HOLE-- [fill = 0]
                  000052b0    00000006                   : BIOS.obj (.text:ti_sysbios_knl_Queue_Instance_init__E)
                  000052b6    00000002     --HOLE-- [fill = 0]
                  000052b8    00000006                   : BIOS.obj (.text:ti_sysbios_knl_Swi_startup__E)
                  000052be    00000002     --HOLE-- [fill = 0]
                  000052c0    00000004                   : BIOS.obj (.text:ti_sysbios_gates_GateHwi_query__E)
                  000052c4    00000004     --HOLE-- [fill = 0]
                  000052c8    00000004                   : BIOS.obj (.text:ti_sysbios_gates_GateMutex_query__E)
                  000052cc    00000004     --HOLE-- [fill = 0]
                  000052d0    00000004                   : BIOS.obj (.text:ti_sysbios_knl_Task_startup__E)
                  000052d4    00000004     --HOLE-- [fill = 0]
                  000052d8    00000002                   : BIOS.obj (.text:ti_sysbios_gates_GateHwi_Instance_init__E)
                  000052da    00000006     --HOLE-- [fill = 0]
                  000052e0    00000002                   : BIOS.obj (.text:ti_sysbios_knl_Clock_logTick__E)

.const     0    000052e4    00001f12     
                  000052e4    00001861     pwmled_pem4f.oem4f (.const:xdc_runtime_Text_charTab__A)
                  00006b45    00000001     pwmled_pem4f.oem4f (.const:xdc_runtime_Error_policy__C)
                  00006b46    000000bc     pwmled_pem4f.oem4f (.const:xdc_runtime_Text_nodeTab__A)
                  00006c02    00000002     pwmled_pem4f.oem4f (.const:ti_catalog_arm_cortexm4_tiva_ce_Boot_Module__id__C)
                  00006c04    00000090     driverlib.lib : gpio.obj (.const:g_pui32GPIOBaseAddrs)
                  00006c94    00000054     drivers_tivaware.aem4f : GPIOTiva.oem4f (.const:.string)
                  00006ce8    00000048     pwmled_pem4f.oem4f (.const:.string)
                  00006d30    00000048     drivers_tivaware.aem4f : GPIOTiva.oem4f (.const:gpioBaseAddresses)
                  00006d78    0000003c     pwmled_pem4f.oem4f (.const:ti_sysbios_knl_Task_Object__PARAMS__C)
                  00006db4    00000030     pwmled_pem4f.oem4f (.const:ti_sysbios_family_arm_m3_Hwi_Object__PARAMS__C)
                  00006de4    00000028     pwmled_pem4f.oem4f (.const:ti_sysbios_heaps_HeapMem_Module__FXNS__C)
                  00006e0c    00000024     EK_TM4C123GXL.obj (.const:PWM_config)
                  00006e30    00000024     pwmled_pem4f.oem4f (.const:ti_sysbios_gates_GateHwi_Module__FXNS__C)
                  00006e54    00000024     pwmled_pem4f.oem4f (.const:ti_sysbios_gates_GateMutex_Module__FXNS__C)
                  00006e78    00000024     pwmled_pem4f.oem4f (.const:ti_sysbios_heaps_HeapMem_Object__PARAMS__C)
                  00006e9c    00000024     pwmled_pem4f.oem4f (.const:ti_sysbios_knl_Semaphore_Object__PARAMS__C)
                  00006ec0    00000020     drivers_tivaware.aem4f : PWMTiva.oem4f (.const)
                  00006ee0    00000020     pwmled_pem4f.oem4f (.const:ti_sysbios_family_arm_m3_Hwi_Object__DESC__C)
                  00006f00    00000020     pwmled_pem4f.oem4f (.const:ti_sysbios_gates_GateHwi_Object__DESC__C)
                  00006f20    00000020     pwmled_pem4f.oem4f (.const:ti_sysbios_gates_GateMutex_Object__DESC__C)
                  00006f40    00000020     pwmled_pem4f.oem4f (.const:ti_sysbios_heaps_HeapMem_Object__DESC__C)
                  00006f60    00000020     pwmled_pem4f.oem4f (.const:ti_sysbios_knl_Queue_Object__DESC__C)
                  00006f80    00000020     pwmled_pem4f.oem4f (.const:ti_sysbios_knl_Semaphore_Object__DESC__C)
                  00006fa0    00000020     pwmled_pem4f.oem4f (.const:ti_sysbios_knl_Task_Object__DESC__C)
                  00006fc0    00000020     pwmled_pem4f.oem4f (.const:xdc_runtime_Startup_sfxnTab__A)
                  00006fe0    00000018     EK_TM4C123GXL.obj (.const:pwmTivaHWAttrs)
                  00006ff8    00000018     pwmled_pem4f.oem4f (.const:ti_sysbios_gates_GateHwi_Object__PARAMS__C)
                  00007010    00000018     pwmled_pem4f.oem4f (.const:ti_sysbios_gates_GateMutex_Object__PARAMS__C)
                  00007028    00000018     pwmled_pem4f.oem4f (.const:ti_sysbios_knl_Queue_Object__PARAMS__C)
                  00007040    00000014     EK_TM4C123GXL.obj (.const:GPIOTiva_config)
                  00007054    00000014     pwmled_pem4f.oem4f (.const:xdc_runtime_Startup_firstFxns__A)
                  00007068    00000010     pwmled_pem4f.oem4f (.const:xdc_runtime_Startup_sfxnRts__A)
                  00007078    0000000c     drivers_tivaware.aem4f : PWM.oem4f (.const)
                  00007084    00000008     pwmled_pem4f.oem4f (.const:ti_sysbios_family_arm_m3_Hwi_excHookFuncs__A)
                  0000708c    00000008     pwmled_pem4f.oem4f (.const:ti_sysbios_knl_Idle_funcList__C)
                  00007094    00000008     pwmled_pem4f.oem4f (.const:xdc_runtime_Startup_firstFxns__C)
                  0000709c    00000008     pwmled_pem4f.oem4f (.const:xdc_runtime_Startup_lastFxns__C)
                  000070a4    00000004     pwmled_pem4f.oem4f (.const:ti_catalog_arm_cortexm4_tiva_ce_Boot_A_mustUseEnhancedClockMode__C)
                  000070a8    00000004     pwmled_pem4f.oem4f (.const:ti_catalog_arm_cortexm4_tiva_ce_Boot_Module__diagsEnabled__C)
                  000070ac    00000004     pwmled_pem4f.oem4f (.const:ti_catalog_arm_cortexm4_tiva_ce_Boot_Module__diagsIncluded__C)
                  000070b0    00000004     pwmled_pem4f.oem4f (.const:ti_catalog_arm_cortexm4_tiva_ce_Boot_Module__diagsMask__C)
                  000070b4    00000004     pwmled_pem4f.oem4f (.const:ti_sysbios_family_arm_lm4_Timer_enableFunc__C)
                  000070b8    00000004     pwmled_pem4f.oem4f (.const:ti_sysbios_family_arm_lm4_Timer_numTimerDevices__C)
                  000070bc    00000004     pwmled_pem4f.oem4f (.const:ti_sysbios_family_arm_lm4_Timer_startupNeeded__C)
                  000070c0    00000004     pwmled_pem4f.oem4f (.const:ti_sysbios_family_arm_m3_Hwi_E_NMI__C)
                  000070c4    00000004     pwmled_pem4f.oem4f (.const:ti_sysbios_family_arm_m3_Hwi_E_alreadyDefined__C)
                  000070c8    00000004     pwmled_pem4f.oem4f (.const:ti_sysbios_family_arm_m3_Hwi_E_busFault__C)
                  000070cc    00000004     pwmled_pem4f.oem4f (.const:ti_sysbios_family_arm_m3_Hwi_E_debugMon__C)
                  000070d0    00000004     pwmled_pem4f.oem4f (.const:ti_sysbios_family_arm_m3_Hwi_E_hardFault__C)
                  000070d4    00000004     pwmled_pem4f.oem4f (.const:ti_sysbios_family_arm_m3_Hwi_E_memFault__C)
                  000070d8    00000004     pwmled_pem4f.oem4f (.const:ti_sysbios_family_arm_m3_Hwi_E_noIsr__C)
                  000070dc    00000004     pwmled_pem4f.oem4f (.const:ti_sysbios_family_arm_m3_Hwi_E_reserved__C)
                  000070e0    00000004     pwmled_pem4f.oem4f (.const:ti_sysbios_family_arm_m3_Hwi_E_svCall__C)
                  000070e4    00000004     pwmled_pem4f.oem4f (.const:ti_sysbios_family_arm_m3_Hwi_E_usageFault__C)
                  000070e8    00000004     pwmled_pem4f.oem4f (.const:ti_sysbios_family_arm_m3_Hwi_NUM_INTERRUPTS__C)
                  000070ec    00000004     pwmled_pem4f.oem4f (.const:ti_sysbios_family_arm_m3_Hwi_Object__count__C)
                  000070f0    00000004     pwmled_pem4f.oem4f (.const:ti_sysbios_family_arm_m3_Hwi_ccr__C)
                  000070f4    00000004     pwmled_pem4f.oem4f (.const:ti_sysbios_family_arm_m3_Hwi_excHandlerFunc__C)
                  000070f8    00000004     pwmled_pem4f.oem4f (.const:ti_sysbios_family_arm_m3_Hwi_excHookFuncs__C)
                  000070fc    00000004     pwmled_pem4f.oem4f (.const:ti_sysbios_family_arm_m3_Hwi_nullIsrFunc__C)
                  00007100    00000004     pwmled_pem4f.oem4f (.const:ti_sysbios_family_arm_m3_Hwi_priGroup__C)
                  00007104    00000004     pwmled_pem4f.oem4f (.const:ti_sysbios_family_arm_m3_TaskSupport_stackAlignment__C)
                  00007108    00000004     pwmled_pem4f.oem4f (.const:ti_sysbios_gates_GateMutex_Instance_State_sem__O)
                  0000710c    00000004     pwmled_pem4f.oem4f (.const:ti_sysbios_hal_Hwi_E_stackOverflow__C)
                  00007110    00000004     pwmled_pem4f.oem4f (.const:ti_sysbios_heaps_HeapMem_E_memory__C)
                  00007114    00000004     pwmled_pem4f.oem4f (.const:ti_sysbios_heaps_HeapMem_Module__gateObj__C)
                  00007118    00000004     pwmled_pem4f.oem4f (.const:ti_sysbios_heaps_HeapMem_Object__count__C)
                  0000711c    00000004     pwmled_pem4f.oem4f (.const:ti_sysbios_heaps_HeapMem_reqAlign__C)
                  00007120    00000004     pwmled_pem4f.oem4f (.const:ti_sysbios_knl_Clock_Module_State_clockQ__O)
                  00007124    00000004     pwmled_pem4f.oem4f (.const:ti_sysbios_knl_Idle_funcList__A)
                  00007128    00000004     pwmled_pem4f.oem4f (.const:ti_sysbios_knl_Semaphore_Instance_State_pendQ__O)
                  0000712c    00000004     pwmled_pem4f.oem4f (.const:ti_sysbios_knl_Swi_Object__count__C)
                  00007130    00000004     pwmled_pem4f.oem4f (.const:ti_sysbios_knl_Task_E_spOutOfBounds__C)
                  00007134    00000004     pwmled_pem4f.oem4f (.const:ti_sysbios_knl_Task_E_stackOverflow__C)
                  00007138    00000004     pwmled_pem4f.oem4f (.const:ti_sysbios_knl_Task_Module_State_inactiveQ__O)
                  0000713c    00000004     pwmled_pem4f.oem4f (.const:ti_sysbios_knl_Task_Object__count__C)
                  00007140    00000004     pwmled_pem4f.oem4f (.const:ti_sysbios_knl_Task_allBlockedFunc__C)
                  00007144    00000004     pwmled_pem4f.oem4f (.const:ti_sysbios_knl_Task_defaultStackHeap__C)
                  00007148    00000004     pwmled_pem4f.oem4f (.const:ti_sysbios_knl_Task_defaultStackSize__C)
                  0000714c    00000004     pwmled_pem4f.oem4f (.const:ti_sysbios_knl_Task_numConstructedTasks__C)
                  00007150    00000004     pwmled_pem4f.oem4f (.const:xdc_runtime_Assert_E_assertFailed__C)
                  00007154    00000004     pwmled_pem4f.oem4f (.const:xdc_runtime_Core_A_initializedParams__C)
                  00007158    00000004     pwmled_pem4f.oem4f (.const:xdc_runtime_Core_Module__diagsEnabled__C)
                  0000715c    00000004     pwmled_pem4f.oem4f (.const:xdc_runtime_Core_Module__diagsIncluded__C)
                  00007160    00000004     pwmled_pem4f.oem4f (.const:xdc_runtime_Core_Module__diagsMask__C)
                  00007164    00000004     pwmled_pem4f.oem4f (.const:xdc_runtime_Error_E_memory__C)
                  00007168    00000004     pwmled_pem4f.oem4f (.const:xdc_runtime_Error_Module__diagsEnabled__C)
                  0000716c    00000004     pwmled_pem4f.oem4f (.const:xdc_runtime_Error_Module__diagsIncluded__C)
                  00007170    00000004     pwmled_pem4f.oem4f (.const:xdc_runtime_Error_Module__diagsMask__C)
                  00007174    00000004     pwmled_pem4f.oem4f (.const:xdc_runtime_Error_Module__loggerFxn8__C)
                  00007178    00000004     pwmled_pem4f.oem4f (.const:xdc_runtime_Error_Module__loggerObj__C)
                  0000717c    00000004     pwmled_pem4f.oem4f (.const:xdc_runtime_Error_policyFxn__C)
                  00007180    00000004     pwmled_pem4f.oem4f (.const:xdc_runtime_Error_raiseHook__C)
                  00007184    00000004     pwmled_pem4f.oem4f (.const:xdc_runtime_IGateProvider_Interface__BASE__C)
                  00007188    00000004     pwmled_pem4f.oem4f (.const:xdc_runtime_IHeap_Interface__BASE__C)
                  0000718c    00000004     pwmled_pem4f.oem4f (.const:xdc_runtime_IModule_Interface__BASE__C)
                  00007190    00000004     pwmled_pem4f.oem4f (.const:xdc_runtime_Log_L_error__C)
                  00007194    00000004     pwmled_pem4f.oem4f (.const:xdc_runtime_Memory_defaultHeapInstance__C)
                  00007198    00000004     pwmled_pem4f.oem4f (.const:xdc_runtime_Startup_execImpl__C)
                  0000719c    00000004     pwmled_pem4f.oem4f (.const:xdc_runtime_Startup_maxPasses__C)
                  000071a0    00000004     pwmled_pem4f.oem4f (.const:xdc_runtime_Startup_sfxnRts__C)
                  000071a4    00000004     pwmled_pem4f.oem4f (.const:xdc_runtime_Startup_sfxnTab__C)
                  000071a8    00000004     pwmled_pem4f.oem4f (.const:xdc_runtime_SysMin_bufSize__C)
                  000071ac    00000004     pwmled_pem4f.oem4f (.const:xdc_runtime_SysMin_outputFunc__C)
                  000071b0    00000004     pwmled_pem4f.oem4f (.const:xdc_runtime_System_Module__gateObj__C)
                  000071b4    00000004     pwmled_pem4f.oem4f (.const:xdc_runtime_System_abortFxn__C)
                  000071b8    00000004     pwmled_pem4f.oem4f (.const:xdc_runtime_System_exitFxn__C)
                  000071bc    00000004     pwmled_pem4f.oem4f (.const:xdc_runtime_System_extendFxn__C)
                  000071c0    00000004     pwmled_pem4f.oem4f (.const:xdc_runtime_System_maxAtexitHandlers__C)
                  000071c4    00000004     pwmled_pem4f.oem4f (.const:xdc_runtime_Text_charTab__C)
                  000071c8    00000004     pwmled_pem4f.oem4f (.const:xdc_runtime_Text_nameEmpty__C)
                  000071cc    00000004     pwmled_pem4f.oem4f (.const:xdc_runtime_Text_nameStatic__C)
                  000071d0    00000004     pwmled_pem4f.oem4f (.const:xdc_runtime_Text_nameUnknown__C)
                  000071d4    00000004     pwmled_pem4f.oem4f (.const:xdc_runtime_Text_nodeTab__C)
                  000071d8    00000004     pwmled_pem4f.oem4f (.const:xdc_runtime_Text_visitRopeFxn__C)
                  000071dc    00000002     pwmled_pem4f.oem4f (.const:ti_sysbios_family_arm_m3_Hwi_Module__id__C)
                  000071de    00000002     pwmled_pem4f.oem4f (.const:ti_sysbios_hal_Hwi_Module__id__C)
                  000071e0    00000002     pwmled_pem4f.oem4f (.const:ti_sysbios_heaps_HeapMem_Module__id__C)
                  000071e2    00000002     pwmled_pem4f.oem4f (.const:ti_sysbios_knl_Task_Module__id__C)
                  000071e4    00000002     pwmled_pem4f.oem4f (.const:xdc_runtime_Core_Module__id__C)
                  000071e6    00000002     pwmled_pem4f.oem4f (.const:xdc_runtime_Error_Module__loggerDefined__C)
                  000071e8    00000002     pwmled_pem4f.oem4f (.const:xdc_runtime_Error_maxDepth__C)
                  000071ea    00000002     pwmled_pem4f.oem4f (.const:xdc_runtime_Memory_Module__id__C)
                  000071ec    00000002     pwmled_pem4f.oem4f (.const:xdc_runtime_SysMin_flushAtExit__C)
                  000071ee    00000002     pwmled_pem4f.oem4f (.const:xdc_runtime_Text_charCnt__C)
                  000071f0    00000002     pwmled_pem4f.oem4f (.const:xdc_runtime_Text_isLoaded__C)
                  000071f2    00000002     pwmled_pem4f.oem4f (.const:xdc_runtime_Text_registryModsLastId__C)
                  000071f4    00000002     pwmled_pem4f.oem4f (.const:xdc_runtime_Text_unnamedModsLastId__C)

.cinit     0    000071f8    00000208     
                  000071f8    000001d1     (.cinit..data.load) [load image, compression = lzss]
                  000073c9    00000003     --HOLE-- [fill = 0]
                  000073cc    0000000c     (__TI_handler_table)
                  000073d8    00000008     (.cinit..bss.load) [load image, compression = zero_init]
                  000073e0    00000008     (.cinit..vecs.load) [load image, compression = zero_init]
                  000073e8    00000018     (__TI_cinit_table)

.init_array 
*          0    00000000    00000000     UNINITIALIZED

.resetVecs 
*          0    00000000    0000003c     
                  00000000    0000003c     pwmled_pem4f.oem4f (.resetVecs)

.vecs      0    20000000    00000360     UNINITIALIZED
                  20000000    00000360     pwmled_pem4f.oem4f (.vecs)

.bss       0    20000360    00000e00     UNINITIALIZED
                  20000360    00000400     (.common:ti_sysbios_heaps_HeapMem_Instance_State_0_buf__A)
                  20000760    00000360     (.common:ti_sysbios_family_arm_m3_Hwi_dispatchTable)
                  20000ac0    00000200     pwmled_pem4f.oem4f (.bss:taskStackSection)
                  20000cc0    00000200     (.common:tsk0Stack)
                  20000ec0    00000120     rtsv7M4_T_le_v4SPD16_eabi.lib : trgmsg.obj (.bss:_CIOBUF_)
                  20000fe0    00000090     drivers_tivaware.aem4f : GPIOTiva.oem4f (.bss:gpioCallbackInfo)
                  20001070    00000080     (.common:xdc_runtime_SysMin_Module_State_0_outbuf__A)
                  200010f0    00000050     (.common:tsk0Struct)
                  20001140    00000010     (.common:pwmTivaObjects)
                  20001150    00000008     rtsv7M4_T_le_v4SPD16_eabi.lib : trgdrv.obj (.bss:parmbuf)
                  20001158    00000004     (.common:gpioInterruptVectors)
                  2000115c    00000004     (.common:task)

.data      0    20001160    0000042e     UNINITIALIZED
                  20001160    00000080     pwmled_pem4f.oem4f (.data:ti_sysbios_knl_Swi_Module_State_0_readyQ__A)
                  200011e0    00000080     pwmled_pem4f.oem4f (.data:ti_sysbios_knl_Task_Module_State_0_readyQ__A)
                  20001260    0000004c     pwmled_pem4f.oem4f (.data:ti_sysbios_knl_Task_Object__table__V)
                  200012ac    00000044     pwmled_pem4f.oem4f (.data:ti_sysbios_knl_Task_Module__state__V)
                  200012f0    00000040     pwmled_pem4f.oem4f (.data:ti_sysbios_family_arm_lm4_Timer_Object__table__V)
                  20001330    00000038     pwmled_pem4f.oem4f (.data:ti_sysbios_gates_GateMutex_Object__table__V)
                  20001368    00000034     pwmled_pem4f.oem4f (.data:ti_sysbios_family_arm_m3_Hwi_Module__state__V)
                  2000139c    00000030     pwmled_pem4f.oem4f (.data:ti_sysbios_family_arm_lm4_Timer_Module_State_0_device__A)
                  200013cc    00000030     pwmled_pem4f.oem4f (.data:ti_sysbios_knl_Swi_Object__table__V)
                  200013fc    0000002c     pwmled_pem4f.oem4f (.data:ti_sysbios_knl_Clock_Module__state__V)
                  20001428    00000024     pwmled_pem4f.oem4f (.data:ti_sysbios_BIOS_Module__state__V)
                  2000144c    0000001c     pwmled_pem4f.oem4f (.data:ti_sysbios_knl_Swi_Module__state__V)
                  20001468    00000018     drivers_tivaware.aem4f : PWMTiva.oem4f (.data)
                  20001480    00000018     pwmled_pem4f.oem4f (.data:ti_sysbios_family_arm_lm4_Timer_Module_State_0_handles__A)
                  20001498    00000018     pwmled_pem4f.oem4f (.data:ti_sysbios_family_arm_m3_Hwi_Object__table__V)
                  200014b0    00000018     pwmled_pem4f.oem4f (.data:ti_sysbios_heaps_HeapMem_Object__table__V)
                  200014c8    00000014     EK_TM4C123GXL.obj (.data:gpioPinConfigs)
                  200014dc    0000000c     rtsv7M4_T_le_v4SPD16_eabi.lib : exit.obj (.data:$O1$$)
                  200014e8    0000000c     pwmled_pem4f.oem4f (.data:ti_sysbios_family_arm_lm4_Timer_Module__state__V)
                  200014f4    0000000c     pwmled_pem4f.oem4f (.data:xdc_runtime_SysMin_Module__state__V)
                  20001500    00000008     rtsv7M4_T_le_v4SPD16_eabi.lib : _lock.obj (.data:$O1$$)
                  20001508    00000008     EK_TM4C123GXL.obj (.data:gpioCallbackFunctions)
                  20001510    00000008     pwmled_pem4f.oem4f (.data:ti_sysbios_family_arm_m3_Hwi_Module__root__V)
                  20001518    00000008     pwmled_pem4f.oem4f (.data:ti_sysbios_gates_GateHwi_Module__root__V)
                  20001520    00000008     pwmled_pem4f.oem4f (.data:ti_sysbios_gates_GateMutex_Module__root__V)
                  20001528    00000008     pwmled_pem4f.oem4f (.data:ti_sysbios_heaps_HeapMem_Module__root__V)
                  20001530    00000008     pwmled_pem4f.oem4f (.data:ti_sysbios_knl_Queue_Module__root__V)
                  20001538    00000008     pwmled_pem4f.oem4f (.data:ti_sysbios_knl_Semaphore_Module__root__V)
                  20001540    00000008     pwmled_pem4f.oem4f (.data:ti_sysbios_knl_Task_Module__root__V)
                  20001548    00000008     pwmled_pem4f.oem4f (.data:xdc_runtime_Registry_Module__state__V)
                  20001550    00000008     pwmled_pem4f.oem4f (.data:xdc_runtime_Startup_Module__state__V)
                  20001558    00000008     pwmled_pem4f.oem4f (.data:xdc_runtime_System_Module_State_0_atexitHandlers__A)
                  20001560    00000008     pwmled_pem4f.oem4f (.data:xdc_runtime_System_Module__state__V)
                  20001568    00000005     drivers_tivaware.aem4f : GPIOTiva.oem4f (.data)
                  2000156d    00000001     --HOLE--
                  2000156e    00000002     pwmled_pem4f.oem4f (.data:ti_sysbios_family_arm_m3_Hwi_Module_State_0_excActive__A)
                  20001570    00000004     drivers_tivaware.aem4f : PWM.oem4f (.data)
                  20001574    00000004     rtsv7M4_T_le_v4SPD16_eabi.lib : stkdepth_vars.obj (.data)
                  20001578    00000004     pwmled_pem4f.oem4f (.data:ti_sysbios_family_arm_m3_Hwi_Module_State_0_excContext__A)
                  2000157c    00000004     pwmled_pem4f.oem4f (.data:ti_sysbios_family_arm_m3_Hwi_Module_State_0_excStack__A)
                  20001580    00000004     pwmled_pem4f.oem4f (.data:ti_sysbios_gates_GateHwi_Object__table__V)
                  20001584    00000004     pwmled_pem4f.oem4f (.data:ti_sysbios_knl_Task_Module_State_0_idleTask__A)
                  20001588    00000004     pwmled_pem4f.oem4f (.data:xdc_runtime_Memory_Module__state__V)
                  2000158c    00000002     pwmled_pem4f.oem4f (.data:xdc_runtime_Error_Module__state__V)

.stack     0    20001590    00000300     UNINITIALIZED
                  20001590    00000300     --HOLE--

.bootVecs 
*          0    00000000    00000008     DSECT
                  00000000    00000008     boot.aem4f : boot.oem4f (.bootVecs)

xdc.meta   0    00000000    000000e3     COPY SECTION
                  00000000    000000e3     pwmled_pem4f.oem4f (xdc.meta)

MODULE SUMMARY

       Module                     code    ro data   rw data
       ------                     ----    -------   -------
    .\
       pwmled.obj                 462     0         596    
       EK_TM4C123GXL.obj          164     80        44     
    +--+--------------------------+-------+---------+---------+
       Total:                     626     80        640    
                                                           
    D:\TIVA_Workspace\pwmled_EK_TM4C123GXL_TI\Debug\configPkg\package\cfg\
       pwmled_pem4f.oem4f         1654    7590      4376   
    +--+--------------------------+-------+---------+---------+
       Total:                     1654    7590      4376   
                                                           
    C:/ti/tirtos_tivac_2_16_01_14/products/TivaWare_C_Series-2.1.1.71b/driverlib/ccs/Debug/driverlib.lib
       gpio.obj                   566     144       0      
       pwm.obj                    178     0         0      
       sysctl.obj                 72      0         0      
    +--+--------------------------+-------+---------+---------+
       Total:                     816     144       0      
                                                           
    C:/ti/tirtos_tivac_2_16_01_14/products/tidrivers_tivac_2_16_01_13/packages/ti/drivers/lib/drivers_tivaware.aem4f
       GPIOTiva.oem4f             764     156       153    
       PWMTiva.oem4f              962     32        24     
       PWM.oem4f                  130     12        4      
    +--+--------------------------+-------+---------+---------+
       Total:                     1856    200       181    
                                                           
    C:\ti\ccsv7\tools\compiler\ti-cgt-arm_16.9.3.LTS\lib\rtsv7M4_T_le_v4SPD16_eabi.lib
       trgdrv.obj                 804     0         8      
       trgmsg.obj                 104     0         288    
       memcpy_t2.obj              156     0         0      
       memset_t2.obj              122     0         0      
       copy_decompress_lzss.obj   104     0         0      
       exit.obj                   84      0         12     
       cpy_tbl.obj                76      0         0      
       u_divt2.obj                64      0         0      
       _lock.obj                  20      0         8      
       args_main.obj              24      0         0      
       strcpy.obj                 20      0         0      
       strlen.obj                 20      0         0      
       copy_decompress_none.obj   14      0         0      
       copy_zero_init.obj         12      0         0      
       stkdepth_vars.obj          0       0         4      
       i_div0.obj                 2       0         0      
    +--+--------------------------+-------+---------+---------+
       Total:                     1626    0         320    
                                                           
    C:\ti\tirtos_tivac_2_16_01_14\products\bios_6_45_02_31\packages\ti\catalog\arm\cortexm4\tiva\ce\lib\Boot.aem4f
       Boot_sysctl.oem4f          262     0         0      
       Boot.oem4f                 152     0         0      
    +--+--------------------------+-------+---------+---------+
       Total:                     414     0         0      
                                                           
    C:\ti\tirtos_tivac_2_16_01_14\products\bios_6_45_02_31\packages\ti\targets\arm\rtsarm\lib\auto_init.aem4f
       auto_init.oem4f            160     0         0      
    +--+--------------------------+-------+---------+---------+
       Total:                     160     0         0      
                                                           
    C:\ti\tirtos_tivac_2_16_01_14\products\bios_6_45_02_31\packages\ti\targets\arm\rtsarm\lib\boot.aem4f
       boot.oem4f                 88      0         0      
    +--+--------------------------+-------+---------+---------+
       Total:                     88      0         0      
                                                           
    C:\ti\tirtos_tivac_2_16_01_14\products\bios_6_45_02_31\packages\ti\targets\arm\rtsarm\lib\ti.targets.arm.rtsarm.aem4f
       System.oem4f               1255    0         0      
       Text.oem4f                 672     0         0      
       Error.oem4f                524     0         0      
       Core-mem.oem4f             358     0         0      
       Startup.oem4f              328     0         0      
       SysMin.oem4f               248     0         0      
       Core-smem.oem4f            204     0         0      
       Memory.oem4f               176     0         0      
       Assert.oem4f               84      0         0      
       Core-params.oem4f          70      0         0      
       Core-label.oem4f           52      0         0      
       Registry.oem4f             32      0         0      
       Gate.oem4f                 28      0         0      
    +--+--------------------------+-------+---------+---------+
       Total:                     4031    0         0      
                                                           
    D:\TIVA_Workspace\pwmled_EK_TM4C123GXL_TI\src\sysbios\sysbios.aem4f
       BIOS.obj                   9086    0         0      
       m3_Hwi_asm.obj             314     0         0      
       m3_TaskSupport_asm.obj     180     0         0      
       m3_Hwi_asm_switch.obj      118     0         0      
    +--+--------------------------+-------+---------+---------+
       Total:                     9698    0         0      
                                                           
       Stack:                     0       0         768    
       Linker Generated:          0       517       0      
    +--+--------------------------+-------+---------+---------+
       Grand Total:               20969   8531      6285   


LINKER GENERATED COPY TABLES

__TI_cinit_table @ 000073e8 records: 3, size/record: 8, table size: 24
	.data: load addr=000071f8, load size=000001d1 bytes, run addr=20001160, run size=0000042e bytes, compression=lzss
	.bss: load addr=000073d8, load size=00000008 bytes, run addr=20000360, run size=00000e00 bytes, compression=zero_init
	.vecs: load addr=000073e0, load size=00000008 bytes, run addr=20000000, run size=00000360 bytes, compression=zero_init


LINKER GENERATED HANDLER TABLE

__TI_handler_table @ 000073cc records: 3, size/record: 4, table size: 12
	index: 0, handler: __TI_decompress_lzss
	index: 1, handler: __TI_decompress_none
	index: 2, handler: __TI_zero_init


GLOBAL SYMBOLS: SORTED ALPHABETICALLY BY Name 

address   name                                                              
-------   ----                                                              
00003859  C$$EXIT                                                           
000032df  C$$IO$$                                                           
00004455  EK_TM4C123GXL_initGPIO                                            
00003fd1  EK_TM4C123GXL_initGeneral                                         
000042a9  EK_TM4C123GXL_initPWM                                             
000047d9  GPIODirModeSet                                                    
00005279  GPIOIntClear                                                      
00005129  GPIOIntStatus                                                     
00003801  GPIOIntTypeSet                                                    
00001521  GPIOPadConfigSet                                                  
00003c7d  GPIOPinConfigure                                                  
00004fa5  GPIOPinTypeGPIOInput                                              
00004fb7  GPIOPinTypePWM                                                    
0000527f  GPIOPinWrite                                                      
00007040  GPIOTiva_config                                                   
00003381  GPIO_hwiIntFxn                                                    
00002bb5  GPIO_init                                                         
000039ad  GPIO_setCallback                                                  
00001285  GPIO_setConfig                                                    
000039fd  GPIO_write                                                        
00000a97  HOSTclock                                                         
00000a5f  HOSTclose                                                         
00000a21  HOSTgetenv                                                        
000009c5  HOSTlseek                                                         
00000973  HOSTopen                                                          
00000927  HOSTread                                                          
000008c9  HOSTrename                                                        
0000088f  HOSTtime                                                          
00000841  HOSTtime64                                                        
00000809  HOSTunlink                                                        
000007bd  HOSTwrite                                                         
00004eed  PWMClockSet                                                       
000049f1  PWMGenConfigure                                                   
00005175  PWMGenDisable                                                     
00005181  PWMGenEnable                                                      
00004fc9  PWMGenPeriodGet                                                   
00005025  PWMGenPeriodSet                                                   
00004fdb  PWMOutputInvert                                                   
00004fed  PWMOutputState                                                    
00004ba1  PWMPulseWidthSet                                                  
00006ede  PWMTiva_MAX_MATCH_VALUE                                           
00006edc  PWMTiva_MAX_PRESCALAR                                             
000031dd  PWMTiva_close                                                     
00002ccd  PWMTiva_control                                                   
00006ec0  PWMTiva_fxnTable                                                  
00004a13  PWMTiva_getPeriodCounts                                           
00004bbf  PWMTiva_getPeriodMicroSecs                                        
00004485  PWMTiva_init                                                      
00000e55  PWMTiva_open                                                      
00001d55  PWMTiva_setDuty                                                   
00005035  PWM_Params_init                                                   
00006e0c  PWM_config                                                        
00007078  PWM_defaultParams                                                 
0000418d  PWM_init                                                          
000044b5  PWM_open                                                          
00005241  PWM_setDuty                                                       
UNDEFED   SHT$$INIT_ARRAY$$Base                                             
UNDEFED   SHT$$INIT_ARRAY$$Limit                                            
00004f01  SysCtlPWMClockSet                                                 
000042dd  SysCtlPeripheralEnable                                            
00000000  __ASM__                                                           
20000ec0  __CIOBUF_                                                         
00000061  __ISA__                                                           
00000074  __PLAT__                                                          
20001890  __STACK_END                                                       
00000300  __STACK_SIZE                                                      
00000095  __TARG__                                                          
000073e8  __TI_CINIT_Base                                                   
00007400  __TI_CINIT_Limit                                                  
000073cc  __TI_Handler_Table_Base                                           
000073d8  __TI_Handler_Table_Limit                                          
000026dd  __TI_auto_init                                                    
200014dc  __TI_cleanup_ptr                                                  
00003247  __TI_decompress_lzss                                              
00005137  __TI_decompress_none                                              
200014e0  __TI_dtors_ptr                                                    
200014e4  __TI_enable_exit_profile_output                                   
ffffffff  __TI_pprof_out_hndl                                               
ffffffff  __TI_prof_data_size                                               
ffffffff  __TI_prof_data_start                                              
000032e3  __TI_readmsg                                                      
000071f8  __TI_static_base__                                                
000032b1  __TI_writemsg                                                     
0000518d  __TI_zero_init                                                    
000000bb  __TRDR__                                                          
000029ef  __aeabi_idiv0                                                     
00002e5d  __aeabi_memclr                                                    
00002e5d  __aeabi_memclr4                                                   
00002e5d  __aeabi_memclr8                                                   
0000281d  __aeabi_memcpy                                                    
0000281d  __aeabi_memcpy4                                                   
0000281d  __aeabi_memcpy8                                                   
00002e5f  __aeabi_memset                                                    
00002e5f  __aeabi_memset4                                                   
00002e5f  __aeabi_memset8                                                   
00004011  __aeabi_uidiv                                                     
00004011  __aeabi_uidivmod                                                  
ffffffff  __binit__                                                         
ffffffff  __c_args__                                                        
20001590  __stack                                                           
00004dcd  _args_main                                                        
00003751  _c_int00                                                          
20001500  _lock                                                             
00004f23  _nop                                                              
00004f1b  _register_lock                                                    
00004f15  _register_unlock                                                  
20001504  _unlock                                                           
0000385d  abort                                                             
ffffffff  binit                                                             
00003b41  copy_in                                                           
00003865  exit                                                              
20001508  gpioCallbackFunctions                                             
200014c8  gpioPinConfigs                                                    
00001ffd  main                                                              
20001574  main_func_sp                                                      
0000281d  memcpy                                                            
00002e65  memset                                                            
000050c9  osi_TaskDisable                                                   
00005069  osi_start                                                         
00001f25  pwmLEDFxn                                                         
00006fe0  pwmTivaHWAttrs                                                    
20001140  pwmTivaObjects                                                    
00004f29  strcpy                                                            
00004f3d  strlen                                                            
2000115c  task                                                              
000070a4  ti_catalog_arm_cortexm4_tiva_ce_Boot_A_mustUseEnhancedClockMode__C
000070a8  ti_catalog_arm_cortexm4_tiva_ce_Boot_Module__diagsEnabled__C      
000070ac  ti_catalog_arm_cortexm4_tiva_ce_Boot_Module__diagsIncluded__C     
000070b0  ti_catalog_arm_cortexm4_tiva_ce_Boot_Module__diagsMask__C         
00006c02  ti_catalog_arm_cortexm4_tiva_ce_Boot_Module__id__C                
00005169  ti_catalog_arm_cortexm4_tiva_ce_Boot_init__I                      
00001871  ti_catalog_arm_cortexm4_tiva_ce_Boot_sysCtlClockSetI__I           
000029f1  ti_catalog_arm_cortexm4_tiva_ce_Boot_sysCtlClockSet__E            
00005285  ti_catalog_arm_cortexm4_tiva_ce_Boot_sysCtlDelayI__I              
20001428  ti_sysbios_BIOS_Module__state__V                                  
00004d31  ti_sysbios_BIOS_RtsGateProxy_Handle__label__S                     
00004935  ti_sysbios_BIOS_RtsGateProxy_Object__delete__S                    
00000cdd  ti_sysbios_BIOS_RtsGateProxy_enter__E                             
00000fc5  ti_sysbios_BIOS_RtsGateProxy_leave__E                             
000052c9  ti_sysbios_BIOS_RtsGateProxy_query__E                             
000044e5  ti_sysbios_BIOS_atExitFunc__I                                     
000048a5  ti_sysbios_BIOS_errorRaiseHook__I                                 
00004ec1  ti_sysbios_BIOS_exitFunc__I                                       
00005049  ti_sysbios_BIOS_getCpuFreq__E                                     
00002ed7  ti_sysbios_BIOS_nullFunc__I                                       
000048c9  ti_sysbios_BIOS_registerRTSLock__I                                
000048ed  ti_sysbios_BIOS_removeRTSLock__I                                  
00004a7d  ti_sysbios_BIOS_rtsLock__I                                        
00004de5  ti_sysbios_BIOS_rtsUnlock__I                                      
00005059  ti_sysbios_BIOS_setThreadType__E                                  
00004911  ti_sysbios_BIOS_startFunc__I                                      
00005069  ti_sysbios_BIOS_start__E                                          
2000139c  ti_sysbios_family_arm_lm4_Timer_Module_State_0_device__A          
20001480  ti_sysbios_family_arm_lm4_Timer_Module_State_0_handles__A         
00004dfd  ti_sysbios_family_arm_lm4_Timer_Module__startupDone__F            
00004dfd  ti_sysbios_family_arm_lm4_Timer_Module__startupDone__S            
200014e8  ti_sysbios_family_arm_lm4_Timer_Module__state__V                  
000033e9  ti_sysbios_family_arm_lm4_Timer_Module_startup__E                 
200012f0  ti_sysbios_family_arm_lm4_Timer_Object__table__V                  
000070b4  ti_sysbios_family_arm_lm4_Timer_enableFunc__C                     
00003cc9  ti_sysbios_family_arm_lm4_Timer_enableTimers__I                   
00002631  ti_sysbios_family_arm_lm4_Timer_enableTiva__I                     
00005199  ti_sysbios_family_arm_lm4_Timer_getMaxTicks__E                    
000038b1  ti_sysbios_family_arm_lm4_Timer_initDevice__I                     
00003e31  ti_sysbios_family_arm_lm4_Timer_isrStub__E                        
0000525f  ti_sysbios_family_arm_lm4_Timer_masterDisable__I                  
0000112d  ti_sysbios_family_arm_lm4_Timer_masterEnable__I                   
000070b8  ti_sysbios_family_arm_lm4_Timer_numTimerDevices__C                
00001769  ti_sysbios_family_arm_lm4_Timer_start__E                          
000070bc  ti_sysbios_family_arm_lm4_Timer_startupNeeded__C                  
00004051  ti_sysbios_family_arm_lm4_Timer_startup__E                        
00004519  ti_sysbios_family_arm_lm4_Timer_stop__E                           
00004a39  ti_sysbios_family_arm_lm4_Timer_write__I                          
000070c0  ti_sysbios_family_arm_m3_Hwi_E_NMI__C                             
000070c4  ti_sysbios_family_arm_m3_Hwi_E_alreadyDefined__C                  
000070c8  ti_sysbios_family_arm_m3_Hwi_E_busFault__C                        
000070cc  ti_sysbios_family_arm_m3_Hwi_E_debugMon__C                        
000070d0  ti_sysbios_family_arm_m3_Hwi_E_hardFault__C                       
000070d4  ti_sysbios_family_arm_m3_Hwi_E_memFault__C                        
000070d8  ti_sysbios_family_arm_m3_Hwi_E_noIsr__C                           
000070dc  ti_sysbios_family_arm_m3_Hwi_E_reserved__C                        
000070e0  ti_sysbios_family_arm_m3_Hwi_E_svCall__C                          
000070e4  ti_sysbios_family_arm_m3_Hwi_E_usageFault__C                      
00004cfd  ti_sysbios_family_arm_m3_Hwi_Handle__label__S                     
00004311  ti_sysbios_family_arm_m3_Hwi_Instance_finalize__E                 
00002a89  ti_sysbios_family_arm_m3_Hwi_Instance_init__E                     
2000156e  ti_sysbios_family_arm_m3_Hwi_Module_State_0_excActive__A          
20001578  ti_sysbios_family_arm_m3_Hwi_Module_State_0_excContext__A         
2000157c  ti_sysbios_family_arm_m3_Hwi_Module_State_0_excStack__A           
[...]
000050a9  ti_sysbios_knl_Swi_disable__E                                     
000050b9  ti_sysbios_knl_Task_Object__get__S                                
000050c9  osi_TaskDisable                                                   
000050c9  ti_sysbios_knl_Task_disable__E                                    
000050d9  xdc_runtime_Gate_leaveSystem__E                                   
000050e9  xdc_runtime_Memory_free__E                                        
000050f9  xdc_runtime_SysMin_ready__E                                       
000050f9  xdc_runtime_System_SupportProxy_ready__E                          
00005109  xdc_runtime_System_vsnprintf__E                                   
00005119  xdc_runtime_Text_visitRope__I                                     
00005129  GPIOIntStatus                                                     
00005137  __TI_decompress_none                                              
00005149  ti_sysbios_knl_Idle_loop__E                                       
00005159  ti_sysbios_knl_Queue_empty__E                                     
00005169  ti_catalog_arm_cortexm4_tiva_ce_Boot_init__I                      
00005175  PWMGenDisable                                                     
00005181  PWMGenEnable                                                      
0000518d  __TI_zero_init                                                    
00005199  ti_sysbios_family_arm_lm4_Timer_getMaxTicks__E                    
000051a5  ti_sysbios_family_arm_m3_Hwi_Params__init__S                      
000051a5  ti_sysbios_hal_Hwi_HwiProxy_Params__init__S                       
000051b1  ti_sysbios_family_arm_m3_Hwi_disableFxn__E                        
000051b1  ti_sysbios_hal_Hwi_HwiProxy_disable__E                            
000051c1  ti_sysbios_family_arm_m3_TaskSupport_checkStack__E                
000051c1  ti_sysbios_knl_Task_SupportProxy_checkStack__E                    
000051d1  ti_sysbios_family_arm_m3_TaskSupport_getStackAlignment__E         
000051d1  ti_sysbios_knl_Task_SupportProxy_getStackAlignment__E             
000051e1  ti_sysbios_gates_GateHwi_enter__E                                 
000051ed  ti_sysbios_knl_Queue_Object__get__S                               
000051f9  ti_sysbios_knl_Task_Params__init__S                               
00005211  xdc_runtime_Error_init__E                                         
0000521d  xdc_runtime_Gate_enterSystem__E                                   
00005229  xdc_runtime_Memory_calloc__E                                      
00005235  xdc_runtime_Memory_getMaxDefaultTypeAlign__E                      
00005241  PWM_setDuty                                                       
0000524b  xdc_runtime_Memory_HeapProxy_alloc__E                             
00005255  xdc_runtime_Memory_HeapProxy_free__E                              
0000525f  ti_sysbios_family_arm_lm4_Timer_masterDisable__I                  
00005269  ti_sysbios_family_arm_m3_Hwi_doSwiRestore__I                      
00005271  ti_sysbios_family_arm_m3_Hwi_startup__E                           
00005271  ti_sysbios_hal_Hwi_HwiProxy_startup__E                            
00005279  GPIOIntClear                                                      
0000527f  GPIOPinWrite                                                      
00005285  ti_catalog_arm_cortexm4_tiva_ce_Boot_sysCtlDelayI__I              
0000528b  xdc_runtime_System_Module_startup__E                              
00005291  ti_sysbios_family_arm_m3_Hwi_doTaskRestore__I                     
00005299  ti_sysbios_family_arm_m3_Hwi_restoreFxn__E                        
00005299  ti_sysbios_hal_Hwi_HwiProxy_restore__E                            
000052a1  ti_sysbios_gates_GateHwi_leave__E                                 
000052a9  ti_sysbios_heaps_HeapMem_isBlocking__E                            
000052b1  ti_sysbios_knl_Queue_Instance_init__E                             
000052b9  ti_sysbios_knl_Swi_startup__E                                     
000052c1  ti_sysbios_gates_GateHwi_query__E                                 
000052c1  xdc_runtime_Main_Module_GateProxy_query__E                        
000052c1  xdc_runtime_System_Module_GateProxy_query__E                      
000052c9  ti_sysbios_BIOS_RtsGateProxy_query__E                             
000052c9  ti_sysbios_gates_GateMutex_query__E                               
000052c9  ti_sysbios_heaps_HeapMem_Module_GateProxy_query__E                
000052d1  ti_sysbios_knl_Task_startup__E                                    
000052d9  ti_sysbios_gates_GateHwi_Instance_init__E                         
000052e1  ti_sysbios_knl_Clock_logTick__E                                   
000052e4  xdc_runtime_Text_charTab__A                                       
00006b45  xdc_runtime_Error_policy__C                                       
00006b46  xdc_runtime_Text_nodeTab__A                                       
00006c02  ti_catalog_arm_cortexm4_tiva_ce_Boot_Module__id__C                
00006d78  ti_sysbios_knl_Task_Object__PARAMS__C                             
00006db4  ti_sysbios_family_arm_m3_Hwi_Object__PARAMS__C                    
00006de4  ti_sysbios_heaps_HeapMem_Module__FXNS__C                          
00006e0c  PWM_config                                                        
00006e30  ti_sysbios_gates_GateHwi_Module__FXNS__C                          
00006e54  ti_sysbios_gates_GateMutex_Module__FXNS__C                        
00006e78  ti_sysbios_heaps_HeapMem_Object__PARAMS__C                        
00006e9c  ti_sysbios_knl_Semaphore_Object__PARAMS__C                        
00006ec0  PWMTiva_fxnTable                                                  
00006edc  PWMTiva_MAX_PRESCALAR                                             
00006ede  PWMTiva_MAX_MATCH_VALUE                                           
00006ee0  ti_sysbios_family_arm_m3_Hwi_Object__DESC__C                      
00006f00  ti_sysbios_gates_GateHwi_Object__DESC__C                          
00006f20  ti_sysbios_gates_GateMutex_Object__DESC__C                        
00006f40  ti_sysbios_heaps_HeapMem_Object__DESC__C                          
00006f60  ti_sysbios_knl_Queue_Object__DESC__C                              
00006f80  ti_sysbios_knl_Semaphore_Object__DESC__C                          
00006fa0  ti_sysbios_knl_Task_Object__DESC__C                               
00006fc0  xdc_runtime_Startup_sfxnTab__A                                    
00006fe0  pwmTivaHWAttrs                                                    
00006ff8  ti_sysbios_gates_GateHwi_Object__PARAMS__C                        
00007010  ti_sysbios_gates_GateMutex_Object__PARAMS__C                      
00007028  ti_sysbios_knl_Queue_Object__PARAMS__C                            
00007040  GPIOTiva_config                                                   
00007054  xdc_runtime_Startup_firstFxns__A                                  
00007068  xdc_runtime_Startup_sfxnRts__A                                    
00007078  PWM_defaultParams                                                 
00007084  ti_sysbios_family_arm_m3_Hwi_excHookFuncs__A                      
0000708c  ti_sysbios_knl_Idle_funcList__C                                   
00007094  xdc_runtime_Startup_firstFxns__C                                  
0000709c  xdc_runtime_Startup_lastFxns__C                                   
000070a4  ti_catalog_arm_cortexm4_tiva_ce_Boot_A_mustUseEnhancedClockMode__C
000070a8  ti_catalog_arm_cortexm4_tiva_ce_Boot_Module__diagsEnabled__C      
000070ac  ti_catalog_arm_cortexm4_tiva_ce_Boot_Module__diagsIncluded__C     
000070b0  ti_catalog_arm_cortexm4_tiva_ce_Boot_Module__diagsMask__C         
000070b4  ti_sysbios_family_arm_lm4_Timer_enableFunc__C                     
000070b8  ti_sysbios_family_arm_lm4_Timer_numTimerDevices__C                
000070bc  ti_sysbios_family_arm_lm4_Timer_startupNeeded__C                  
000070c0  ti_sysbios_family_arm_m3_Hwi_E_NMI__C                             
000070c4  ti_sysbios_family_arm_m3_Hwi_E_alreadyDefined__C                  
000070c8  ti_sysbios_family_arm_m3_Hwi_E_busFault__C                        
000070cc  ti_sysbios_family_arm_m3_Hwi_E_debugMon__C                        
000070d0  ti_sysbios_family_arm_m3_Hwi_E_hardFault__C                       
000070d4  ti_sysbios_family_arm_m3_Hwi_E_memFault__C                        
000070d8  ti_sysbios_family_arm_m3_Hwi_E_noIsr__C                           
000070dc  ti_sysbios_family_arm_m3_Hwi_E_reserved__C                        
000070e0  ti_sysbios_family_arm_m3_Hwi_E_svCall__C                          
000070e4  ti_sysbios_family_arm_m3_Hwi_E_usageFault__C                      
000070e8  ti_sysbios_family_arm_m3_Hwi_NUM_INTERRUPTS__C                    
000070ec  ti_sysbios_family_arm_m3_Hwi_Object__count__C                     
000070f0  ti_sysbios_family_arm_m3_Hwi_ccr__C                               
000070f4  ti_sysbios_family_arm_m3_Hwi_excHandlerFunc__C                    
000070f8  ti_sysbios_family_arm_m3_Hwi_excHookFuncs__C                      
000070fc  ti_sysbios_family_arm_m3_Hwi_nullIsrFunc__C                       
00007100  ti_sysbios_family_arm_m3_Hwi_priGroup__C                          
00007104  ti_sysbios_family_arm_m3_TaskSupport_stackAlignment__C            
00007108  ti_sysbios_gates_GateMutex_Instance_State_sem__O                  
0000710c  ti_sysbios_hal_Hwi_E_stackOverflow__C                             
00007110  ti_sysbios_heaps_HeapMem_E_memory__C                              
00007114  ti_sysbios_heaps_HeapMem_Module__gateObj__C                       
00007118  ti_sysbios_heaps_HeapMem_Object__count__C                         
0000711c  ti_sysbios_heaps_HeapMem_reqAlign__C                              
00007120  ti_sysbios_knl_Clock_Module_State_clockQ__O                       
00007124  ti_sysbios_knl_Idle_funcList__A                                   
00007128  ti_sysbios_knl_Semaphore_Instance_State_pendQ__O                  
0000712c  ti_sysbios_knl_Swi_Object__count__C                               
00007130  ti_sysbios_knl_Task_E_spOutOfBounds__C                            
00007134  ti_sysbios_knl_Task_E_stackOverflow__C                            
00007138  ti_sysbios_knl_Task_Module_State_inactiveQ__O                     
0000713c  ti_sysbios_knl_Task_Object__count__C                              
00007140  ti_sysbios_knl_Task_allBlockedFunc__C                             
00007144  ti_sysbios_knl_Task_defaultStackHeap__C                           
00007148  ti_sysbios_knl_Task_defaultStackSize__C                           
0000714c  ti_sysbios_knl_Task_numConstructedTasks__C                        
00007150  xdc_runtime_Assert_E_assertFailed__C                              
00007154  xdc_runtime_Core_A_initializedParams__C                           
00007158  xdc_runtime_Core_Module__diagsEnabled__C                          
0000715c  xdc_runtime_Core_Module__diagsIncluded__C                         
00007160  xdc_runtime_Core_Module__diagsMask__C                             
00007164  xdc_runtime_Error_E_memory__C                                     
00007168  xdc_runtime_Error_Module__diagsEnabled__C                         
0000716c  xdc_runtime_Error_Module__diagsIncluded__C                        
00007170  xdc_runtime_Error_Module__diagsMask__C                            
00007174  xdc_runtime_Error_Module__loggerFxn8__C                           
00007178  xdc_runtime_Error_Module__loggerObj__C                            
0000717c  xdc_runtime_Error_policyFxn__C                                    
00007180  xdc_runtime_Error_raiseHook__C                                    
00007184  xdc_runtime_IGateProvider_Interface__BASE__C                      
00007188  xdc_runtime_IHeap_Interface__BASE__C                              
0000718c  xdc_runtime_IModule_Interface__BASE__C                            
00007190  xdc_runtime_Log_L_error__C                                        
00007194  xdc_runtime_Memory_defaultHeapInstance__C                         
00007198  xdc_runtime_Startup_execImpl__C                                   
0000719c  xdc_runtime_Startup_maxPasses__C                                  
000071a0  xdc_runtime_Startup_sfxnRts__C                                    
000071a4  xdc_runtime_Startup_sfxnTab__C                                    
000071a8  xdc_runtime_SysMin_bufSize__C                                     
000071ac  xdc_runtime_SysMin_outputFunc__C                                  
000071b0  xdc_runtime_System_Module__gateObj__C                             
000071b4  xdc_runtime_System_abortFxn__C                                    
000071b8  xdc_runtime_System_exitFxn__C                                     
000071bc  xdc_runtime_System_extendFxn__C                                   
000071c0  xdc_runtime_System_maxAtexitHandlers__C                           
000071c4  xdc_runtime_Text_charTab__C                                       
000071c8  xdc_runtime_Text_nameEmpty__C                                     
000071cc  xdc_runtime_Text_nameStatic__C                                    
000071d0  xdc_runtime_Text_nameUnknown__C                                   
000071d4  xdc_runtime_Text_nodeTab__C                                       
000071d8  xdc_runtime_Text_visitRopeFxn__C                                  
000071dc  ti_sysbios_family_arm_m3_Hwi_Module__id__C                        
000071de  ti_sysbios_hal_Hwi_Module__id__C                                  
000071e0  ti_sysbios_heaps_HeapMem_Module__id__C                            
000071e2  ti_sysbios_knl_Task_Module__id__C                                 
000071e4  xdc_runtime_Core_Module__id__C                                    
000071e6  xdc_runtime_Error_Module__loggerDefined__C                        
000071e8  xdc_runtime_Error_maxDepth__C                                     
000071ea  xdc_runtime_Memory_Module__id__C                                  
000071ec  xdc_runtime_SysMin_flushAtExit__C                                 
000071ee  xdc_runtime_Text_charCnt__C                                       
000071f0  xdc_runtime_Text_isLoaded__C                                      
000071f2  xdc_runtime_Text_registryModsLastId__C                            
000071f4  xdc_runtime_Text_unnamedModsLastId__C                             
000071f8  __TI_static_base__                                                
000073cc  __TI_Handler_Table_Base                                           
000073d8  __TI_Handler_Table_Limit                                          
000073e8  __TI_CINIT_Base                                                   
00007400  __TI_CINIT_Limit                                                  
20000000  ti_sysbios_family_arm_m3_Hwi_ramVectors                           
20000360  ti_sysbios_heaps_HeapMem_Instance_State_0_buf__A                  
20000760  ti_sysbios_family_arm_m3_Hwi_dispatchTable                        
20000ac0  ti_sysbios_knl_Task_Instance_State_0_stack__A                     
20000cc0  tsk0Stack                                                         
20000ec0  __CIOBUF_                                                         
20001070  xdc_runtime_SysMin_Module_State_0_outbuf__A                       
200010f0  tsk0Struct                                                        
20001140  pwmTivaObjects                                                    
2000115c  task                                                              
20001160  ti_sysbios_knl_Swi_Module_State_0_readyQ__A                       
200011e0  ti_sysbios_knl_Task_Module_State_0_readyQ__A                      
20001260  ti_sysbios_knl_Task_Object__table__V                              
200012ac  ti_sysbios_knl_Task_Module__state__V                              
200012f0  ti_sysbios_family_arm_lm4_Timer_Object__table__V                  
20001330  ti_sysbios_gates_GateMutex_Object__table__V                       
20001368  ti_sysbios_family_arm_m3_Hwi_Module__state__V                     
2000139c  ti_sysbios_family_arm_lm4_Timer_Module_State_0_device__A          
200013cc  ti_sysbios_knl_Swi_Object__table__V                               
200013fc  ti_sysbios_knl_Clock_Module__state__V                             
20001428  ti_sysbios_BIOS_Module__state__V                                  
2000144c  ti_sysbios_knl_Swi_Module__state__V                               
20001480  ti_sysbios_family_arm_lm4_Timer_Module_State_0_handles__A         
20001498  ti_sysbios_family_arm_m3_Hwi_Object__table__V                     
200014b0  ti_sysbios_heaps_HeapMem_Object__table__V                         
200014c8  gpioPinConfigs                                                    
200014dc  __TI_cleanup_ptr                                                  
200014e0  __TI_dtors_ptr                                                    
200014e4  __TI_enable_exit_profile_output                                   
200014e8  ti_sysbios_family_arm_lm4_Timer_Module__state__V                  
200014f4  xdc_runtime_SysMin_Module__state__V                               
20001500  _lock                                                             
20001504  _unlock                                                           
20001508  gpioCallbackFunctions                                             
20001510  ti_sysbios_family_arm_m3_Hwi_Module__root__V                      
20001518  ti_sysbios_gates_GateHwi_Module__root__V                          
20001520  ti_sysbios_gates_GateMutex_Module__root__V                        
20001528  ti_sysbios_heaps_HeapMem_Module__root__V                          
20001530  ti_sysbios_knl_Queue_Module__root__V                              
20001538  ti_sysbios_knl_Semaphore_Module__root__V                          
20001540  ti_sysbios_knl_Task_Module__root__V                               
20001548  xdc_runtime_Registry_Module__state__V                             
20001550  xdc_runtime_Startup_Module__state__V                              
20001558  xdc_runtime_System_Module_State_0_atexitHandlers__A               
20001560  xdc_runtime_System_Module__state__V                               
2000156e  ti_sysbios_family_arm_m3_Hwi_Module_State_0_excActive__A          
20001574  main_func_sp                                                      
20001578  ti_sysbios_family_arm_m3_Hwi_Module_State_0_excContext__A         
2000157c  ti_sysbios_family_arm_m3_Hwi_Module_State_0_excStack__A           
20001580  ti_sysbios_gates_GateHwi_Object__table__V                         
20001584  ti_sysbios_knl_Task_Module_State_0_idleTask__A                    
20001588  xdc_runtime_Memory_Module__state__V                               
2000158c  xdc_runtime_Error_Module__state__V                                
20001590  __stack                                                           
20001890  __STACK_END                                                       
e000e000  ti_sysbios_family_arm_m3_Hwi_nvic                                 
ffffffff  __TI_pprof_out_hndl                                               
ffffffff  __TI_prof_data_size                                               
ffffffff  __TI_prof_data_start                                              
ffffffff  __binit__                                                         
ffffffff  __c_args__                                                        
ffffffff  binit                                                             
UNDEFED   SHT$$INIT_ARRAY$$Base                                             
UNDEFED   SHT$$INIT_ARRAY$$Limit                                            

[553 symbols]
